CRWD   step       300%  lead  44918s  exposed     1  priced    1  traded   0  taken $0 + 0 ETH  positioned $0 + 0 ETH
CRWD   step       300%  lead   4456s  exposed     1  priced    1  traded   0  taken $0 + 0 ETH  positioned $0 + 0 ETH
SGOV   step   0.09575%  lead    562s  exposed     2  priced    2  traded   0  taken $0 + 0 ETH  positioned $0 + 0 ETH
MU     step   0.00748%  lead    584s  exposed    97  priced   17  traded   3  taken $0 + 0 ETH  positioned $0.0873 + 0 ETH
ORCL   step   0.22109%  lead    578s  exposed    70  priced   11  traded   1  taken $0 + 0 ETH  positioned $0 + 0 ETH
DELL   step   0.00637%  lead    575s  exposed    57  priced   22  traded   1  taken $0 + 0 ETH  positioned $0 + 0 ETH
ASML   step   0.01013%  lead    564s  exposed    31  priced   12  traded   0  taken $0 + 0 ETH  positioned $0 + 0 ETH
SGOV   step   0.20221%  lead    588s  exposed    22  priced   13  traded   0  taken $0 + 0 ETH  positioned $0 + 0 ETH
COST   step    0.0612%  lead    558s  exposed   171  priced   29  traded   1  taken $0 + 0 ETH  positioned $0 + 0 ETH
AAPL   step   0.05661%  lead    580s  exposed  1131  priced   37  traded   4  taken $0.0036 + 0 ETH  positioned $0.8622 + 0 ETH
CCL    step   2.14864%  lead    544s  exposed    34  priced    7  traded   0  taken $0 + 0 ETH  positioned $0 + 0 ETH
SGOV   step   0.21139%  lead    575s  exposed   135  priced   16  traded   1  taken $0 + 0 ETH  positioned $0 + 0 ETH
F      step   0.01455%  lead    585s  exposed    78  priced   29  traded   1  taken $0 + 0 ETH  positioned $0 + 0 ETH
UPS    step   0.22087%  lead    585s  exposed   272  priced   45  traded   4  taken $0.2152 + 0 ETH  positioned $0 + 0 ETH
WDC    step   0.02176%  lead    580s  exposed    36  priced   21  traded   0  taken $0 + 0 ETH  positioned $0 + 0 ETH
KSS    step   0.46101%  lead    574s  exposed    47  priced   30  traded   0  taken $0 + 0 ETH  positioned $0 + 0 ETH
JNJ    step   0.00215%  lead    585s  exposed   184  priced   94  traded   1  taken $0 + 0 ETH  positioned $0 + 0 ETH
NVDA   step   0.07752%  lead    588s  exposed 13089  priced  367  traded  13  taken $202.3186 + 0.000051 ETH  positioned $34.003 + 0.000003 ETH
LLY    step   0.00023%  lead    540s  exposed   447  priced  109  traded   7  taken $11.5185 + 0 ETH  positioned $0.0563 + 0 ETH
AMAT   step   0.00447%  lead    534s  exposed    54  priced   32  traded   0  taken $0 + 0 ETH  positioned $0 + 0 ETH
XOM    step   0.10396%  lead    529s  exposed    97  priced   57  traded   3  taken $0 + 0 ETH  positioned $0 + 0 ETH
MSFT   step    0.0413%  lead    524s  exposed  1234  priced   54  traded   5  taken $0 + 0 ETH  positioned $1.7775 + 0 ETH
VRT    step   0.01628%  lead    574s  exposed    30  priced   22  traded   0  taken $0 + 0 ETH  positioned $0 + 0 ETH
UNH    step   0.42415%  lead    571s  exposed    49  priced   26  traded   0  taken $0 + 0 ETH  positioned $0 + 0 ETH
GOOGL  step   0.01939%  lead    585s  exposed  1924  priced   87  traded  12  taken $251.2197 + 0.004296 ETH  positioned $17.8494 + 0.000083 ETH
SOXX   step   0.04508%  lead    581s  exposed    80  priced   50  traded   2  taken $0 + 0 ETH  positioned $0 + 0 ETH
TSM    step    0.1463%  lead    577s  exposed   351  priced   73  traded   3  taken $0 + 0 ETH  positioned $0 + 0 ETH
PR     step   0.44779%  lead    572s  exposed    38  priced   25  traded   0  taken $0 + 0 ETH  positioned $0 + 0 ETH
HPE    step    0.1717%  lead    580s  exposed    85  priced   63  traded   1  taken $0 + 0 ETH  positioned $0 + 0 ETH
CRM    step   0.11483%  lead    580s  exposed    76  priced   30  traded   6  taken $0 + 0 ETH  positioned $0 + 0 ETH
SPY    step    0.1718%  lead    584s  exposed  3837  priced  171  traded  10  taken $107.2509 + 0.000128 ETH  positioned $22.6052 + 0 ETH
wrote evidence/steps.json
